[Parallel(n_jobs=64)]: Using backend LokyBackend with 64 concurrent workers.
  θ=2.344  δ1=-0.0010 δ2=-0.0011  E_N=1.1802 S=1.0356  (∫W1=0.998, ∫W2=0.998)
  θ=0.798  δ1=-0.0010 δ2=-0.0011  E_N=1.1802 S=1.0356  (∫W1=0.998, ∫W2=0.998)
  θ=0.848  δ1=-0.0007 δ2=-0.0004  E_N=1.1799 S=1.0355  (∫W1=0.999, ∫W2=0.997)
  θ=0.698  δ1=0.0005 δ2=-0.0005  E_N=1.1796 S=1.0353  (∫W1=0.997, ∫W2=0.999)
  θ=2.394  δ1=-0.0009 δ2=-0.0008  E_N=1.1801 S=1.0356  (∫W1=0.998, ∫W2=0.998)
  θ=2.443  δ1=0.0005 δ2=-0.0005  E_N=1.1796 S=1.0353  (∫W1=0.997, ∫W2=0.999)
  θ=0.947  δ1=-0.0002 δ2=0.0059  E_N=1.1779 S=1.0342  (∫W1=1.000, ∫W2=0.997)
[Parallel(n_jobs=64)]: Done   7 out of  64 | elapsed: 94.7min remaining: 770.8min
  θ=2.294  δ1=-0.0007 δ2=-0.0004  E_N=1.1799 S=1.0355  (∫W1=0.999, ∫W2=0.997)
  θ=0.648  δ1=0.0035 δ2=-0.0003  E_N=1.1787 S=1.0347  (∫W1=0.997, ∫W2=0.999)
  θ=2.493  δ1=0.0035 δ2=-0.0003  E_N=1.1787 S=1.0347  (∫W1=0.997, ∫W2=0.999)
  θ=2.194  δ1=-0.0002 δ2=0.0059  E_N=1.1779 S=1.0342  (∫W1=1.000, ∫W2=0.997)
  θ=0.898  δ1=-0.0004 δ2=0.0018  E_N=1.1792 S=1.0351  (∫W1=0.999, ∫W2=0.997)
  θ=0.598  δ1=0.0089 δ2=-0.0001  E_N=1.1770 S=1.0333  (∫W1=0.997, ∫W2=1.000)
  θ=2.643  δ1=0.0300 δ2=-0.0000  E_N=1.1686 S=1.0236  (∫W1=0.997, ∫W2=1.000)
[Parallel(n_jobs=64)]: Done  14 out of  64 | elapsed: 95.5min remaining: 341.1min
  θ=2.144  δ1=-0.0001 δ2=0.0127  E_N=1.1757 S=1.0320  (∫W1=1.000, ∫W2=0.997)
  θ=0.748  δ1=-0.0009 δ2=-0.0008  E_N=1.1801 S=1.0356  (∫W1=0.998, ∫W2=0.998)
  θ=2.543  δ1=0.0089 δ2=-0.0001  E_N=1.1770 S=1.0333  (∫W1=0.997, ∫W2=1.000)
  θ=0.997  δ1=-0.0001 δ2=0.0127  E_N=1.1757 S=1.0320  (∫W1=1.000, ∫W2=0.997)
  θ=0.549  δ1=0.0174 δ2=-0.0000  E_N=1.1739 S=1.0302  (∫W1=0.997, ∫W2=1.000)
  θ=0.299  δ1=0.1360 δ2=-0.0000  E_N=1.0677 S=0.8739  (∫W1=0.997, ∫W2=1.000)
  θ=2.244  δ1=-0.0004 δ2=0.0018  E_N=1.1792 S=1.0351  (∫W1=0.999, ∫W2=0.997)
[Parallel(n_jobs=64)]: Done  21 out of  64 | elapsed: 96.4min remaining: 197.3min
  θ=2.842  δ1=0.1360 δ2=-0.0000  E_N=1.0677 S=0.8739  (∫W1=0.997, ∫W2=1.000)
  θ=2.593  δ1=0.0174 δ2=-0.0000  E_N=1.1739 S=1.0302  (∫W1=0.997, ∫W2=1.000)
  θ=1.496  δ1=-0.0000 δ2=0.2983  E_N=0.4170 S=0.1716  (∫W1=1.000, ∫W2=0.997)
  θ=2.045  δ1=-0.0000 δ2=0.0382  E_N=1.1646 S=1.0182  (∫W1=1.000, ∫W2=0.997)
  θ=2.094  δ1=-0.0000 δ2=0.0231  E_N=1.1717 S=1.0275  (∫W1=1.000, ∫W2=0.997)
  θ=0.499  δ1=0.0300 δ2=-0.0000  E_N=1.1686 S=1.0236  (∫W1=0.997, ∫W2=1.000)
  θ=1.945  δ1=-0.0000 δ2=0.0853  E_N=1.1303 S=0.9676  (∫W1=1.000, ∫W2=0.997)
[Parallel(n_jobs=64)]: Done  28 out of  64 | elapsed: 96.7min remaining: 124.3min
  θ=0.449  δ1=0.0477 δ2=-0.0000  E_N=1.1592 S=1.0106  (∫W1=0.997, ∫W2=1.000)
  θ=2.892  δ1=0.1756 δ2=-0.0000  E_N=0.9945 S=0.7699  (∫W1=0.997, ∫W2=1.000)
  θ=0.249  δ1=0.1756 δ2=-0.0000  E_N=0.9945 S=0.7699  (∫W1=0.997, ∫W2=1.000)
  θ=1.895  δ1=-0.0000 δ2=0.1179  E_N=1.0938 S=0.9125  (∫W1=1.000, ∫W2=0.997)
  θ=2.942  δ1=0.2164 δ2=-0.0000  E_N=0.8855 S=0.6280  (∫W1=0.997, ∫W2=1.000)
  θ=0.199  δ1=0.2164 δ2=-0.0000  E_N=0.8855 S=0.6280  (∫W1=0.997, ∫W2=1.000)
  θ=2.693  δ1=0.0477 δ2=-0.0000  E_N=1.1592 S=1.0106  (∫W1=0.997, ∫W2=1.000)
[Parallel(n_jobs=64)]: Done  35 out of  64 | elapsed: 96.9min remaining: 80.3min
  θ=1.646  δ1=-0.0000 δ2=0.2983  E_N=0.4170 S=0.1716  (∫W1=1.000, ∫W2=0.997)
  θ=0.399  δ1=0.0712 δ2=-0.0000  E_N=1.1426 S=0.9862  (∫W1=0.997, ∫W2=1.000)
  θ=1.995  δ1=-0.0000 δ2=0.0587  E_N=1.1520 S=1.0002  (∫W1=1.000, ∫W2=0.997)
  θ=0.349  δ1=0.1009 δ2=-0.0000  E_N=1.1143 S=0.9434  (∫W1=0.997, ∫W2=1.000)
  θ=1.047  δ1=-0.0000 δ2=0.0231  E_N=1.1717 S=1.0275  (∫W1=1.000, ∫W2=0.997)
  θ=2.992  δ1=0.2548 δ2=-0.0000  E_N=0.7331 S=0.4532  (∫W1=0.997, ∫W2=1.000)
  θ=1.845  δ1=-0.0000 δ2=0.1554  E_N=1.0350 S=0.8266  (∫W1=1.000, ∫W2=0.997)
[Parallel(n_jobs=64)]: Done  42 out of  64 | elapsed: 97.1min remaining: 50.9min
  θ=1.745  δ1=-0.0000 δ2=0.2361  E_N=0.8151 S=0.5439  (∫W1=1.000, ∫W2=0.997)
  θ=1.596  δ1=-0.0000 δ2=0.3127  E_N=0.1500 S=0.0287  (∫W1=1.000, ∫W2=0.997)
  θ=1.247  δ1=-0.0000 δ2=0.1179  E_N=1.0938 S=0.9125  (∫W1=1.000, ∫W2=0.997)
  θ=3.142  δ1=0.3145 δ2=-0.0000  E_N=0.0000 S=-0.0000  (∫W1=0.997, ∫W2=1.000)
  θ=0.050  δ1=0.3072 δ2=-0.0000  E_N=0.2889 S=0.0907  (∫W1=0.997, ∫W2=1.000)
  θ=0.150  δ1=0.2548 δ2=-0.0000  E_N=0.7331 S=0.4532  (∫W1=0.997, ∫W2=1.000)
  θ=1.695  δ1=-0.0000 δ2=0.2716  E_N=0.6394 S=0.3583  (∫W1=1.000, ∫W2=0.997)
[Parallel(n_jobs=64)]: Done  49 out of  64 | elapsed: 97.2min remaining: 29.8min
  θ=1.396  δ1=-0.0000 δ2=0.2361  E_N=0.8151 S=0.5439  (∫W1=1.000, ∫W2=0.997)
  θ=1.297  δ1=-0.0000 δ2=0.1554  E_N=1.0350 S=0.8266  (∫W1=1.000, ∫W2=0.997)
  θ=2.793  δ1=0.1009 δ2=-0.0000  E_N=1.1143 S=0.9434  (∫W1=0.997, ∫W2=1.000)
  θ=1.795  δ1=-0.0000 δ2=0.1961  E_N=0.9450 S=0.7037  (∫W1=1.000, ∫W2=0.997)
  θ=0.100  δ1=0.2863 δ2=-0.0000  E_N=0.5339 S=0.2628  (∫W1=0.997, ∫W2=1.000)
  θ=1.097  δ1=-0.0000 δ2=0.0382  E_N=1.1646 S=1.0182  (∫W1=1.000, ∫W2=0.997)
  θ=3.092  δ1=0.3072 δ2=-0.0000  E_N=0.2889 S=0.0907  (∫W1=0.997, ∫W2=1.000)
[Parallel(n_jobs=64)]: Done  56 out of  64 | elapsed: 97.4min remaining: 13.9min
  θ=1.197  δ1=-0.0000 δ2=0.0853  E_N=1.1303 S=0.9676  (∫W1=1.000, ∫W2=0.997)
  θ=1.346  δ1=-0.0000 δ2=0.1961  E_N=0.9450 S=0.7037  (∫W1=1.000, ∫W2=0.997)
  θ=1.147  δ1=-0.0000 δ2=0.0587  E_N=1.1520 S=1.0002  (∫W1=1.000, ∫W2=0.997)
  θ=2.743  δ1=0.0712 δ2=-0.0000  E_N=1.1426 S=0.9862  (∫W1=0.997, ∫W2=1.000)
  θ=0.000  δ1=0.3145 δ2=-0.0000  E_N=0.0000 S=-0.0000  (∫W1=0.997, ∫W2=1.000)
  θ=1.446  δ1=-0.0000 δ2=0.2716  E_N=0.6394 S=0.3583  (∫W1=1.000, ∫W2=0.997)
  θ=1.546  δ1=-0.0000 δ2=0.3127  E_N=0.1500 S=0.0287  (∫W1=1.000, ∫W2=0.997)
  θ=3.042  δ1=0.2863 δ2=-0.0000  E_N=0.5339 S=0.2628  (∫W1=0.997, ∫W2=1.000)
[Parallel(n_jobs=64)]: Done  64 out of  64 | elapsed: 98.9min finished
Barrido marginal θ (exacto) listo.
Guardado: marginal_negativity_vs_theta_exact_4.242640687119286.txt
